// Jest Snapshot v1, https://goo.gl/fbAQLP

exports[`Navbar should render correctly 1`] = `
<div>
  <div
    className="navbar"
  >
    <div>
      <Link
        to="/"
      >
        <h1
          className="brand"
        >
          Authors Haven
        </h1>
      </Link>
    </div>
    <div
      style={
        Object {
          "display": "flex",
          "flexDirection": "row-reverse",
          "justifyContent": "flex-end",
        }
      }
    />
  </div>
</div>
`;
