// Jest Snapshot v1, https://goo.gl/fbAQLP

exports[`Title should render correctly 1`] = `
<Title
  className="title"
  content="title"
>
  <h1
    className="title title"
  >
    title
  </h1>
</Title>
`;
