// Jest Snapshot v1, https://goo.gl/fbAQLP

exports[`ForgotPasswordCard should render correctly 1`] = `
<ForgotPasswordCard>
  <div
    className="right"
  >
    <div
      className="card forgot-password"
    >
      <Title
        title={
          Object {
            "class": "text-center",
            "content": "Forgot Password?",
          }
        }
      >
        <h1
          className="title undefined"
        />
      </Title>
      <hr
        className="hr"
      />
      <p>
        Enter the email you used to sign up and weâ€˜ll send you a password reset link
      </p>
      <form
        className="form"
      >
        <div
          className="form-group"
        >
          <input
            placeholder="Email"
            type="email"
          />
        </div>
        <Button
          button={
            Object {
              "class": "btn-dark",
              "type": "submit",
              "value": "SEND EMAIL",
            }
          }
        >
          <button
            className="btn undefined"
          />
        </Button>
      </form>
    </div>
  </div>
</ForgotPasswordCard>
`;
