// Jest Snapshot v1, https://goo.gl/fbAQLP

exports[`Article should render without errors 1`] = `
<div
  className="tag tag-lg"
  data-test="single-tag"
>
  News
</div>
`;
