// Jest Snapshot v1, https://goo.gl/fbAQLP

exports[`App should render correctly 1`] = `
<div>
  <ToastContainer
    autoClose={5000}
    bodyClassName={null}
    className={null}
    closeButton={
      <CloseButton
        ariaLabel="close"
      />
    }
    closeOnClick={true}
    draggable={true}
    draggablePercent={80}
    hideProgressBar={false}
    newestOnTop={false}
    pauseOnFocusLoss={true}
    pauseOnHover={true}
    position="top-right"
    progressClassName={null}
    progressStyle={null}
    rtl={false}
    style={null}
    toastClassName={null}
    transition={[Function]}
  />
  <h1
    className="toothy"
  >
     My React App!! 
  </h1>
  <Link
    to="/login"
  >
    <button>
      Login
    </button>
  </Link>
  <Link
    to="/signup"
  >
    <button>
      Signup
    </button>
  </Link>
</div>
`;
