// Jest Snapshot v1, https://goo.gl/fbAQLP

exports[`Not Found renders without errors 1`] = `
<Fragment>
  <div
    className="d-flex justify-content-center text-content"
  >
    <div>
      <h1
        className="hero-text text-center"
      >
        Ooops
      </h1>
      <p
        className="text-medium text-center"
      >
        We went searching but sadly, we still could not find it
      </p>
      <Link
        to="/"
      >
        <Button
          className="btn-dark"
          value="Go Back Home"
        />
      </Link>
    </div>
  </div>
</Fragment>
`;
